// Jest Snapshot v1, https://goo.gl/fbAQLP

exports[`tileModelsStore can notify changes applied to the counter 1`] = `[]`;

exports[`tileModelsStore can notify changes applied to the counter 2`] = `
[
  StraightTileModel {
    "direction": "right",
    "id": "straight-tile-1",
    "ratio": 1,
    "specs": TileSpecifications {},
  },
]
`;

exports[`tileModelsStore can notify changes applied to the counter 3`] = `[]`;

exports[`tileModelsStore can notify changes applied to the counter 4`] = `
[
  StraightTileModel {
    "direction": "right",
    "id": "straight-tile-1",
    "ratio": 1,
    "specs": TileSpecifications {},
  },
]
`;

exports[`tileModelsStore can notify changes applied to the counter 5`] = `[]`;

exports[`tileModelsStore can notify changes applied to the counter 6`] = `
[
  StraightTileModel {
    "direction": "right",
    "id": "straight-tile-1",
    "ratio": 1,
    "specs": TileSpecifications {},
  },
]
`;
